// Jest Snapshot v1, https://goo.gl/fbAQLP

exports[`<UserAvatar /> should render component with filename 1`] = `
<div
  className="user-avatar-container"
>
  <Loader
    className="user-avatar-spinner"
    color="grey"
    margin="4px"
    size="16px"
  />
</div>
`;

exports[`<UserAvatar /> should render component with no filename 1`] = `
<div
  className="user-avatar-container"
>
  <div
    className="avatar-picture"
  >
    <img
      alt="avatar"
      src="/images/avatar.png"
    />
  </div>
</div>
`;
