// Jest Snapshot v1, https://goo.gl/fbAQLP

exports[`<SidenavItem /> should render component when no authenticated 1`] = `
<div>
  <div
    className="type"
  >
    <Link
      to="link"
    >
      <span
        aria-hidden={true}
        className="fa fa-icon"
      />
      text
    </Link>
  </div>
</div>
`;

exports[`<SidenavItem /> should render component when no authenticated and restricted 1`] = `<div />`;

exports[`<SidenavItem /> should render component with authentication 1`] = `
<div>
  <div
    className="type"
  >
    <Link
      to="link"
    >
      <span
        aria-hidden={true}
        className="fa fa-icon"
      />
      text
    </Link>
  </div>
</div>
`;

exports[`<SidenavItem /> should render component with authentication and excluded 1`] = `<div />`;

exports[`<SidenavItem /> should render component with no login 1`] = `<div />`;
