// Jest Snapshot v1, https://goo.gl/fbAQLP

exports[`<AddTrip /> should render component 1`] = `
<div
  className="rl_container article"
>
  <form
    onSubmit={[Function]}
  >
    <h2>
      Add a review
    </h2>
    <div
      className="form_element"
    >
      <input
        name="title"
        onChange={[Function]}
        placeholder="Enter title"
        type="text"
        value=""
      />
    </div>
    <div
      className="form_element"
    >
      <input
        name="author"
        onChange={[Function]}
        placeholder="Enter author"
        type="text"
        value=""
      />
    </div>
    <textarea
      name="review"
      onChange={[Function]}
      value=""
    />
    <div
      className="form_element"
    >
      <input
        name="duration"
        onChange={[Function]}
        placeholder="Enter duration"
        type="number"
        value=""
      />
    </div>
    <div
      className="form_element"
    >
      <StarsRating
        onChange={[Function]}
        rating={0}
      />
    </div>
    <div
      className="form_element"
    >
      <input
        name="price"
        onChange={[Function]}
        placeholder="Enter Price"
        type="number"
        value=""
      />
    </div>
    <button
      type="submit"
    >
      Add review
    </button>
  </form>
</div>
`;

exports[`<AddTrip /> should render component with newTrip and post 1`] = `
<div
  className="rl_container article"
>
  <form
    onSubmit={[Function]}
  >
    <h2>
      Add a review
    </h2>
    <div
      className="form_element"
    >
      <input
        name="title"
        onChange={[Function]}
        placeholder="Enter title"
        type="text"
        value=""
      />
    </div>
    <div
      className="form_element"
    >
      <input
        name="author"
        onChange={[Function]}
        placeholder="Enter author"
        type="text"
        value=""
      />
    </div>
    <textarea
      name="review"
      onChange={[Function]}
      value=""
    />
    <div
      className="form_element"
    >
      <input
        name="duration"
        onChange={[Function]}
        placeholder="Enter duration"
        type="number"
        value=""
      />
    </div>
    <div
      className="form_element"
    >
      <StarsRating
        onChange={[Function]}
        rating={0}
      />
    </div>
    <div
      className="form_element"
    >
      <input
        name="price"
        onChange={[Function]}
        placeholder="Enter Price"
        type="number"
        value=""
      />
    </div>
    <button
      type="submit"
    >
      Add review
    </button>
  </form>
</div>
`;

exports[`<AddTrip /> should render component with newTrip but no post 1`] = `
<div
  className="rl_container article"
>
  <form
    onSubmit={[Function]}
  >
    <h2>
      Add a review
    </h2>
    <div
      className="form_element"
    >
      <input
        name="title"
        onChange={[Function]}
        placeholder="Enter title"
        type="text"
        value=""
      />
    </div>
    <div
      className="form_element"
    >
      <input
        name="author"
        onChange={[Function]}
        placeholder="Enter author"
        type="text"
        value=""
      />
    </div>
    <textarea
      name="review"
      onChange={[Function]}
      value=""
    />
    <div
      className="form_element"
    >
      <input
        name="duration"
        onChange={[Function]}
        placeholder="Enter duration"
        type="number"
        value=""
      />
    </div>
    <div
      className="form_element"
    >
      <StarsRating
        onChange={[Function]}
        rating={0}
      />
    </div>
    <div
      className="form_element"
    >
      <input
        name="price"
        onChange={[Function]}
        placeholder="Enter Price"
        type="number"
        value=""
      />
    </div>
    <button
      type="submit"
    >
      Add review
    </button>
  </form>
</div>
`;
