// Jest Snapshot v1, https://goo.gl/fbAQLP

exports[`<AddTrip /> should render component 1`] = `
<div
  className="add-review-container"
>
  <form
    onSubmit={[Function]}
  >
    <h2>
      Add a review
    </h2>
    <div
      className="form_element"
    >
      <span
        className="label"
      >
        Title:
      </span>
      <input
        name="title"
        onChange={[Function]}
        placeholder="Enter title"
        type="text"
        value=""
      />
    </div>
    <div
      className="form_element"
    >
      <span
        className="label"
      >
        Trip to:
      </span>
      <input
        name="country"
        onChange={[Function]}
        placeholder="Enter country"
        type="text"
        value=""
      />
    </div>
    <div
      className="form_element"
    >
      <span
        className="label"
      >
        Desctiption:
      </span>
      <textarea
        name="description"
        onChange={[Function]}
        placeholder="Enter description"
        value=""
      />
    </div>
    <div
      className="form_element"
    >
      <span
        className="label"
      >
        Duration (days):
      </span>
      <input
        name="duration"
        onChange={[Function]}
        placeholder="Enter duration"
        type="number"
        value=""
      />
    </div>
    <div
      className="form_element"
    >
      <span
        className="label"
      >
        Expences ($):
      </span>
      <input
        name="expences"
        onChange={[Function]}
        placeholder="Enter expences"
        type="number"
        value=""
      />
    </div>
    <div
      className="form_element"
    >
      <StarsRating
        onChange={[Function]}
        rating={0}
      />
    </div>
    <button
      type="submit"
    >
      Add review
    </button>
  </form>
</div>
`;

exports[`<AddTrip /> should render component with newTrip and post 1`] = `
<div
  className="add-review-container"
>
  <form
    onSubmit={[Function]}
  >
    <h2>
      Add a review
    </h2>
    <div
      className="form_element"
    >
      <span
        className="label"
      >
        Title:
      </span>
      <input
        name="title"
        onChange={[Function]}
        placeholder="Enter title"
        type="text"
        value=""
      />
    </div>
    <div
      className="form_element"
    >
      <span
        className="label"
      >
        Trip to:
      </span>
      <input
        name="country"
        onChange={[Function]}
        placeholder="Enter country"
        type="text"
        value=""
      />
    </div>
    <div
      className="form_element"
    >
      <span
        className="label"
      >
        Desctiption:
      </span>
      <textarea
        name="description"
        onChange={[Function]}
        placeholder="Enter description"
        value=""
      />
    </div>
    <div
      className="form_element"
    >
      <span
        className="label"
      >
        Duration (days):
      </span>
      <input
        name="duration"
        onChange={[Function]}
        placeholder="Enter duration"
        type="number"
        value=""
      />
    </div>
    <div
      className="form_element"
    >
      <span
        className="label"
      >
        Expences ($):
      </span>
      <input
        name="expences"
        onChange={[Function]}
        placeholder="Enter expences"
        type="number"
        value=""
      />
    </div>
    <div
      className="form_element"
    >
      <StarsRating
        onChange={[Function]}
        rating={0}
      />
    </div>
    <button
      type="submit"
    >
      Add review
    </button>
  </form>
</div>
`;

exports[`<AddTrip /> should render component with newTrip but no post 1`] = `
<div
  className="add-review-container"
>
  <form
    onSubmit={[Function]}
  >
    <h2>
      Add a review
    </h2>
    <div
      className="form_element"
    >
      <span
        className="label"
      >
        Title:
      </span>
      <input
        name="title"
        onChange={[Function]}
        placeholder="Enter title"
        type="text"
        value=""
      />
    </div>
    <div
      className="form_element"
    >
      <span
        className="label"
      >
        Trip to:
      </span>
      <input
        name="country"
        onChange={[Function]}
        placeholder="Enter country"
        type="text"
        value=""
      />
    </div>
    <div
      className="form_element"
    >
      <span
        className="label"
      >
        Desctiption:
      </span>
      <textarea
        name="description"
        onChange={[Function]}
        placeholder="Enter description"
        value=""
      />
    </div>
    <div
      className="form_element"
    >
      <span
        className="label"
      >
        Duration (days):
      </span>
      <input
        name="duration"
        onChange={[Function]}
        placeholder="Enter duration"
        type="number"
        value=""
      />
    </div>
    <div
      className="form_element"
    >
      <span
        className="label"
      >
        Expences ($):
      </span>
      <input
        name="expences"
        onChange={[Function]}
        placeholder="Enter expences"
        type="number"
        value=""
      />
    </div>
    <div
      className="form_element"
    >
      <StarsRating
        onChange={[Function]}
        rating={0}
      />
    </div>
    <button
      type="submit"
    >
      Add review
    </button>
  </form>
</div>
`;
