// Jest Snapshot v1, https://goo.gl/fbAQLP

exports[`<User /> should render component 1`] = `
<div
  className="user_container"
>
  <div
    className="avatar"
  >
    <div
      className="user-avatar-container fit-parent"
    >
      <div
        className="avatar-picture fit-parent"
      >
        <img
          alt="avatar"
          className="fit-parent"
          src="/images/avatar.png"
        />
      </div>
    </div>
  </div>
  <div
    className="data"
  >
    <div>
      <span>
        Name:
      </span>
       
      name
    </div>
    <div>
      <span>
        Lastname:
      </span>
       
      lastname
    </div>
    <div>
      <span>
        Email:
      </span>
       
      email
    </div>
  </div>
  <div
    className="text-center"
  >
    <Link
      className="button-link"
      to="/user/edit-profile/undefined"
    >
      Edit Profile
    </Link>
  </div>
</div>
`;
